<html>
<body>
<pre>
<h1>µVision Build Log</h1>
<h2>Project:</h2>
C:\Users\james\Desktop\lab6-james-and-isabelle-master\Lab6.uvproj
Project File Date:  03/22/2017

<h2>Output:</h2>
Build target 'Lab6'
compiling Lab6.c...
linking...
Program Size: Code=6480 RO-data=9592 RW-data=452 ZI-data=1820  
".\Lab6.axf" - 0 Error(s), 0 Warning(s).
rror(s), 0 Warning(s).
h6pm.h"
Timer0A.c: 0 warnings, 1 error
".\Lab6.axf" - 1 Error(s), 0 Warning(s).
Target not created
, 0 Warning(s).
Target not created
